goos: darwin
goarch: arm64
pkg: Thesis/emptiness/ere
cpu: Apple M4 Max
BenchmarkBucketSearch_LinearVsBinary/w=8/n=2/binary-16         	480814378	         4.973 ns/op
BenchmarkBucketSearch_LinearVsBinary/w=8/n=2/linear-16         	1000000000	         1.325 ns/op
BenchmarkBucketSearch_LinearVsBinary/w=8/n=4/binary-16         	358597837	         7.568 ns/op
BenchmarkBucketSearch_LinearVsBinary/w=8/n=4/linear-16         	1000000000	         1.772 ns/op
BenchmarkBucketSearch_LinearVsBinary/w=8/n=8/binary-16         	343475623	         7.037 ns/op
BenchmarkBucketSearch_LinearVsBinary/w=8/n=8/linear-16         	1000000000	         2.261 ns/op
BenchmarkBucketSearch_LinearVsBinary/w=8/n=12/binary-16        	262410788	         9.194 ns/op
BenchmarkBucketSearch_LinearVsBinary/w=8/n=12/linear-16        	868689577	         2.830 ns/op
BenchmarkBucketSearch_LinearVsBinary/w=8/n=16/binary-16        	246611689	         9.800 ns/op
BenchmarkBucketSearch_LinearVsBinary/w=8/n=16/linear-16        	697490835	         3.387 ns/op
BenchmarkBucketSearch_LinearVsBinary/w=8/n=24/binary-16        	244993288	        14.58 ns/op
BenchmarkBucketSearch_LinearVsBinary/w=8/n=24/linear-16        	293165054	         8.432 ns/op
BenchmarkBucketSearch_LinearVsBinary/w=8/n=32/binary-16        	194652759	        12.31 ns/op
BenchmarkBucketSearch_LinearVsBinary/w=8/n=32/linear-16        	400247708	         5.886 ns/op
BenchmarkBucketSearch_LinearVsBinary/w=8/n=48/binary-16        	193945786	        12.33 ns/op
BenchmarkBucketSearch_LinearVsBinary/w=8/n=48/linear-16        	294090961	         8.204 ns/op
BenchmarkBucketSearch_LinearVsBinary/w=8/n=64/binary-16        	158019206	        15.20 ns/op
BenchmarkBucketSearch_LinearVsBinary/w=8/n=64/linear-16        	231056977	        10.16 ns/op
BenchmarkBucketSearch_LinearVsBinary/w=8/n=128/binary-16       	130746474	        23.52 ns/op
BenchmarkBucketSearch_LinearVsBinary/w=8/n=128/linear-16       	130502844	        18.50 ns/op
BenchmarkBucketSearch_LinearVsBinary/w=8/n=256/binary-16       	100000000	        21.40 ns/op
BenchmarkBucketSearch_LinearVsBinary/w=8/n=256/linear-16       	65081067	        36.47 ns/op
BenchmarkBucketSearch_LinearVsBinary/w=11/n=2/binary-16        	463568953	         5.106 ns/op
BenchmarkBucketSearch_LinearVsBinary/w=11/n=2/linear-16        	1000000000	         1.333 ns/op
BenchmarkBucketSearch_LinearVsBinary/w=11/n=4/binary-16        	334858976	         7.146 ns/op
BenchmarkBucketSearch_LinearVsBinary/w=11/n=4/linear-16        	1000000000	         1.796 ns/op
BenchmarkBucketSearch_LinearVsBinary/w=11/n=8/binary-16        	334925041	         7.068 ns/op
BenchmarkBucketSearch_LinearVsBinary/w=11/n=8/linear-16        	1000000000	         2.286 ns/op
BenchmarkBucketSearch_LinearVsBinary/w=11/n=12/binary-16       	240967906	        19.48 ns/op
BenchmarkBucketSearch_LinearVsBinary/w=11/n=12/linear-16       	739045827	         2.818 ns/op
BenchmarkBucketSearch_LinearVsBinary/w=11/n=16/binary-16       	239746486	         9.871 ns/op
BenchmarkBucketSearch_LinearVsBinary/w=11/n=16/linear-16       	692147050	         3.434 ns/op
BenchmarkBucketSearch_LinearVsBinary/w=11/n=24/binary-16       	228418116	        10.39 ns/op
BenchmarkBucketSearch_LinearVsBinary/w=11/n=24/linear-16       	476491275	         5.146 ns/op
BenchmarkBucketSearch_LinearVsBinary/w=11/n=32/binary-16       	192920480	        12.60 ns/op
BenchmarkBucketSearch_LinearVsBinary/w=11/n=32/linear-16       	386933444	         6.217 ns/op
BenchmarkBucketSearch_LinearVsBinary/w=11/n=48/binary-16       	181848300	        19.47 ns/op
BenchmarkBucketSearch_LinearVsBinary/w=11/n=48/linear-16       	259908742	         9.292 ns/op
BenchmarkBucketSearch_LinearVsBinary/w=11/n=64/binary-16       	156536490	        15.32 ns/op
BenchmarkBucketSearch_LinearVsBinary/w=11/n=64/linear-16       	207804254	        11.57 ns/op
BenchmarkBucketSearch_LinearVsBinary/w=11/n=128/binary-16      	130055923	        18.70 ns/op
BenchmarkBucketSearch_LinearVsBinary/w=11/n=128/linear-16      	100000000	        21.18 ns/op
BenchmarkBucketSearch_LinearVsBinary/w=11/n=256/binary-16      	100000000	        21.57 ns/op
BenchmarkBucketSearch_LinearVsBinary/w=11/n=256/linear-16      	59925030	        40.41 ns/op
BenchmarkBucketSearch_LinearVsBinary/w=16/n=2/binary-16        	459093896	         9.918 ns/op
BenchmarkBucketSearch_LinearVsBinary/w=16/n=2/linear-16        	1000000000	         1.379 ns/op
BenchmarkBucketSearch_LinearVsBinary/w=16/n=4/binary-16        	323799716	         7.324 ns/op
BenchmarkBucketSearch_LinearVsBinary/w=16/n=4/linear-16        	1000000000	         1.833 ns/op
BenchmarkBucketSearch_LinearVsBinary/w=16/n=8/binary-16        	316678987	         7.556 ns/op
BenchmarkBucketSearch_LinearVsBinary/w=16/n=8/linear-16        	1000000000	         2.335 ns/op
BenchmarkBucketSearch_LinearVsBinary/w=16/n=12/binary-16       	235973785	        10.05 ns/op
BenchmarkBucketSearch_LinearVsBinary/w=16/n=12/linear-16       	848820751	         2.839 ns/op
BenchmarkBucketSearch_LinearVsBinary/w=16/n=16/binary-16       	241730781	        10.00 ns/op
BenchmarkBucketSearch_LinearVsBinary/w=16/n=16/linear-16       	701714032	         3.982 ns/op
BenchmarkBucketSearch_LinearVsBinary/w=16/n=24/binary-16       	100000000	        21.33 ns/op
BenchmarkBucketSearch_LinearVsBinary/w=16/n=24/linear-16       	262637383	         8.049 ns/op
BenchmarkBucketSearch_LinearVsBinary/w=16/n=32/binary-16       	188802714	        12.68 ns/op
BenchmarkBucketSearch_LinearVsBinary/w=16/n=32/linear-16       	399290427	         5.940 ns/op
BenchmarkBucketSearch_LinearVsBinary/w=16/n=48/binary-16       	191692958	        12.48 ns/op
BenchmarkBucketSearch_LinearVsBinary/w=16/n=48/linear-16       	289948423	         8.167 ns/op
BenchmarkBucketSearch_LinearVsBinary/w=16/n=64/binary-16       	154998574	        15.46 ns/op
BenchmarkBucketSearch_LinearVsBinary/w=16/n=64/linear-16       	231447661	        10.27 ns/op
BenchmarkBucketSearch_LinearVsBinary/w=16/n=128/binary-16      	129279907	        25.97 ns/op
BenchmarkBucketSearch_LinearVsBinary/w=16/n=128/linear-16      	63535273	        39.74 ns/op
BenchmarkBucketSearch_LinearVsBinary/w=16/n=256/binary-16      	92970254	        21.76 ns/op
BenchmarkBucketSearch_LinearVsBinary/w=16/n=256/linear-16      	56231329	        36.62 ns/op
BenchmarkBucketSearch_LinearVsBinary/w=20/n=2/binary-16        	429900152	         5.594 ns/op
BenchmarkBucketSearch_LinearVsBinary/w=20/n=2/linear-16        	1000000000	         1.391 ns/op
BenchmarkBucketSearch_LinearVsBinary/w=20/n=4/binary-16        	326122201	         7.389 ns/op
BenchmarkBucketSearch_LinearVsBinary/w=20/n=4/linear-16        	1000000000	         1.839 ns/op
BenchmarkBucketSearch_LinearVsBinary/w=20/n=8/binary-16        	314695852	         7.730 ns/op
BenchmarkBucketSearch_LinearVsBinary/w=20/n=8/linear-16        	1000000000	         2.367 ns/op
BenchmarkBucketSearch_LinearVsBinary/w=20/n=12/binary-16       	211895979	        11.35 ns/op
BenchmarkBucketSearch_LinearVsBinary/w=20/n=12/linear-16       	705136168	         7.233 ns/op
BenchmarkBucketSearch_LinearVsBinary/w=20/n=16/binary-16       	204593028	        10.87 ns/op
BenchmarkBucketSearch_LinearVsBinary/w=20/n=16/linear-16       	565776864	         4.126 ns/op
BenchmarkBucketSearch_LinearVsBinary/w=20/n=24/binary-16       	203359993	        11.82 ns/op
BenchmarkBucketSearch_LinearVsBinary/w=20/n=24/linear-16       	446253561	         5.394 ns/op
BenchmarkBucketSearch_LinearVsBinary/w=20/n=32/binary-16       	183127210	        13.12 ns/op
BenchmarkBucketSearch_LinearVsBinary/w=20/n=32/linear-16       	353267082	         6.793 ns/op
BenchmarkBucketSearch_LinearVsBinary/w=20/n=48/binary-16       	167545791	        14.39 ns/op
BenchmarkBucketSearch_LinearVsBinary/w=20/n=48/linear-16       	242897554	        19.19 ns/op
BenchmarkBucketSearch_LinearVsBinary/w=20/n=64/binary-16       	98248080	        22.28 ns/op
BenchmarkBucketSearch_LinearVsBinary/w=20/n=64/linear-16       	186792249	        12.71 ns/op
BenchmarkBucketSearch_LinearVsBinary/w=20/n=128/binary-16      	125846580	        19.11 ns/op
BenchmarkBucketSearch_LinearVsBinary/w=20/n=128/linear-16      	96816159	        24.63 ns/op
BenchmarkBucketSearch_LinearVsBinary/w=20/n=256/binary-16      	94969894	        22.22 ns/op
BenchmarkBucketSearch_LinearVsBinary/w=20/n=256/linear-16      	52141371	        46.04 ns/op
PASS
ok  	Thesis/emptiness/ere	297.059s
