# ERE bucket statistics, SodaARE backend
# Source: go test -v -run TestEREBucketStats_SodaARE -timeout 10m ./bench/
# Test file: bench/ere_bucket_stats_test.go::TestEREBucketStats_SodaARE
# n = 1 << 20 (1M keys), epsilon = 0.01, L ∈ {16, 256, 4096}
# Machine: Apple M4 Pro Max
# Total wall time: 4.37s

=== RUN   TestEREBucketStats_SodaARE
=== RUN   TestEREBucketStats_SodaARE/uniform/L=16
uniform              L=16    | blocks=524288   non-empty=453605   avg=2.31 max=12
=== RUN   TestEREBucketStats_SodaARE/uniform/L=256
uniform              L=256   | blocks=524288   non-empty=453104   avg=2.31 max=12
=== RUN   TestEREBucketStats_SodaARE/uniform/L=4096
uniform              L=4096  | blocks=1048576  non-empty=662451   avg=1.58 max=9
=== RUN   TestEREBucketStats_SodaARE/clustered/L=16
clustered            L=16    | blocks=524288   non-empty=405898   avg=2.58 max=22
=== RUN   TestEREBucketStats_SodaARE/clustered/L=256
clustered            L=256   | blocks=524288   non-empty=170408   avg=6.15 max=137
=== RUN   TestEREBucketStats_SodaARE/clustered/L=4096
clustered            L=4096  | blocks=1048576  non-empty=115097   avg=9.11 max=864
=== RUN   TestEREBucketStats_SodaARE/sosd_fb/L=16
sosd_fb              L=16    | blocks=1048576  non-empty=110470   avg=9.49 max=366
=== RUN   TestEREBucketStats_SodaARE/sosd_fb/L=256
sosd_fb              L=256   | blocks=1048576  non-empty=11190    avg=93.71 max=1294
=== RUN   TestEREBucketStats_SodaARE/sosd_fb/L=4096
sosd_fb              L=4096  | blocks=1048576  non-empty=715      avg=1466.54 max=4561
=== RUN   TestEREBucketStats_SodaARE/sosd_wiki/L=16
sosd_wiki            L=16    | blocks=524288   non-empty=15572    avg=63.50 max=1613
=== RUN   TestEREBucketStats_SodaARE/sosd_wiki/L=256
sosd_wiki            L=256   | blocks=524288   non-empty=1103     avg=896.51 max=9042
=== RUN   TestEREBucketStats_SodaARE/sosd_wiki/L=4096
sosd_wiki            L=4096  | blocks=524288   non-empty=70       avg=14126.44 max=58214
=== RUN   TestEREBucketStats_SodaARE/sosd_osm/L=16
sosd_osm             L=16    | blocks=524288   non-empty=453305   avg=2.31 max=10
=== RUN   TestEREBucketStats_SodaARE/sosd_osm/L=256
sosd_osm             L=256   | blocks=524288   non-empty=453480   avg=2.31 max=14
=== RUN   TestEREBucketStats_SodaARE/sosd_osm/L=4096
sosd_osm             L=4096  | blocks=524288   non-empty=451126   avg=2.32 max=29
=== RUN   TestEREBucketStats_SodaARE/sosd_books/L=16
sosd_books           L=16    | blocks=1048576  non-empty=1233     avg=850.43 max=951
=== RUN   TestEREBucketStats_SodaARE/sosd_books/L=256
sosd_books           L=256   | blocks=1048576  non-empty=78       avg=13443.28 max=13924
=== RUN   TestEREBucketStats_SodaARE/sosd_books/L=4096
sosd_books           L=4096  | blocks=1048576  non-empty=5        avg=209715.20 max=218469
--- PASS: TestEREBucketStats_SodaARE (4.37s)
PASS
ok  	Thesis-bench-industry/bench	4.804s
