# Thesis-bench-industry/bench.test
ld: warning: ignoring duplicate libraries: '-lc++', '-lm'
=== RUN   TestEREBucketSecondMoment_SodaARE
distribution L      B          M          X_50     X_90     X_95     X_99     max      avg_unif   second_moment  ratio   
--------------------------------------------------------------------------------------------------------------------
=== RUN   TestEREBucketSecondMoment_SodaARE/uniform/L=16
uniform      16     524288     453605     3        5        6        7        12       2.3111     2.9980         1.2972  
=== RUN   TestEREBucketSecondMoment_SodaARE/uniform/L=256
uniform      256    524288     453104     3        5        6        7        12       2.3142     2.9995         1.2961  
=== RUN   TestEREBucketSecondMoment_SodaARE/uniform/L=4096
uniform      4096   1048576    662451     2        3        4        5        9        1.5829     2.0033         1.2656  
=== RUN   TestEREBucketSecondMoment_SodaARE/clustered/L=16
clustered    16     524288     405898     3        7        8        11       22       2.5829     3.7809         1.4638  
=== RUN   TestEREBucketSecondMoment_SodaARE/clustered/L=256
clustered    256    524288     170408     20       57       64       92       137      6.1532     25.8798        4.2059  
=== RUN   TestEREBucketSecondMoment_SodaARE/clustered/L=4096
clustered    4096   1048576    115097     144      437      459      702      864      9.1104     188.8897       20.7335 
=== RUN   TestEREBucketSecondMoment_SodaARE/sosd_fb/L=16
sosd_fb      16     1048576    110470     28       107      140      214      366      9.4920     44.4121        4.6789  
=== RUN   TestEREBucketSecondMoment_SodaARE/sosd_fb/L=256
sosd_fb      256    1048576    11190      217      553      665      872      1294     93.7065    266.9459       2.8487  
=== RUN   TestEREBucketSecondMoment_SodaARE/sosd_fb/L=4096
sosd_fb      4096   1048576    715        1847     3069     3468     4124     4561     1466.5399  1935.7217      1.3199  
=== RUN   TestEREBucketSecondMoment_SodaARE/sosd_wiki/L=16
sosd_wiki    16     524288     15572      126      243      365      1464     1613     63.5019    170.8196       2.6900  
=== RUN   TestEREBucketSecondMoment_SodaARE/sosd_wiki/L=256
sosd_wiki    256    524288     1103       1950     3101     5227     7307     9042     896.5104   2039.1040      2.2745  
=== RUN   TestEREBucketSecondMoment_SodaARE/sosd_wiki/L=4096
sosd_wiki    4096   524288     70         32284    55444    58214    58214    58214    14126.4429 29198.8174     2.0670  
=== RUN   TestEREBucketSecondMoment_SodaARE/sosd_osm/L=16
sosd_osm     16     524288     453305     3        5        6        7        10       2.3121     2.9989         1.2971  
=== RUN   TestEREBucketSecondMoment_SodaARE/sosd_osm/L=256
sosd_osm     256    524288     453480     3        5        6        7        14       2.3122     3.0042         1.2993  
=== RUN   TestEREBucketSecondMoment_SodaARE/sosd_osm/L=4096
sosd_osm     4096   524288     451126     3        5        6        7        29       2.3243     3.0538         1.3138  
=== RUN   TestEREBucketSecondMoment_SodaARE/sosd_books/L=16
sosd_books   16     1048576    1233       851      886      901      918      951      850.4266   851.4200       1.0012  
=== RUN   TestEREBucketSecondMoment_SodaARE/sosd_books/L=256
sosd_books   256    1048576    78         13594    13789    13835    13924    13924    13443.2821 13599.9119     1.0117  
=== RUN   TestEREBucketSecondMoment_SodaARE/sosd_books/L=4096
sosd_books   4096   1048576    5          217621   218469   218469   218469   218469   209715.2000 210973.4282    1.0060  
--- PASS: TestEREBucketSecondMoment_SodaARE (4.66s)
    --- PASS: TestEREBucketSecondMoment_SodaARE/uniform/L=16 (0.42s)
    --- PASS: TestEREBucketSecondMoment_SodaARE/uniform/L=256 (0.42s)
    --- PASS: TestEREBucketSecondMoment_SodaARE/uniform/L=4096 (0.41s)
    --- PASS: TestEREBucketSecondMoment_SodaARE/clustered/L=16 (0.31s)
    --- PASS: TestEREBucketSecondMoment_SodaARE/clustered/L=256 (0.29s)
    --- PASS: TestEREBucketSecondMoment_SodaARE/clustered/L=4096 (0.30s)
    --- PASS: TestEREBucketSecondMoment_SodaARE/sosd_fb/L=16 (0.14s)
    --- PASS: TestEREBucketSecondMoment_SodaARE/sosd_fb/L=256 (0.12s)
    --- PASS: TestEREBucketSecondMoment_SodaARE/sosd_fb/L=4096 (0.11s)
    --- PASS: TestEREBucketSecondMoment_SodaARE/sosd_wiki/L=16 (0.08s)
    --- PASS: TestEREBucketSecondMoment_SodaARE/sosd_wiki/L=256 (0.07s)
    --- PASS: TestEREBucketSecondMoment_SodaARE/sosd_wiki/L=4096 (0.07s)
    --- PASS: TestEREBucketSecondMoment_SodaARE/sosd_osm/L=16 (0.41s)
    --- PASS: TestEREBucketSecondMoment_SodaARE/sosd_osm/L=256 (0.40s)
    --- PASS: TestEREBucketSecondMoment_SodaARE/sosd_osm/L=4096 (0.37s)
    --- PASS: TestEREBucketSecondMoment_SodaARE/sosd_books/L=16 (0.11s)
    --- PASS: TestEREBucketSecondMoment_SodaARE/sosd_books/L=256 (0.11s)
    --- PASS: TestEREBucketSecondMoment_SodaARE/sosd_books/L=4096 (0.11s)
PASS
ok  	Thesis-bench-industry/bench	5.085s
